ARM Linker, 5.03 [Build 24] [MDK-ARM Lite]

==============================================================================

Section Cross References

    principal.o(.text) refers to rand.o(.text) for rand
    principal.o(.text) refers to Affichage_Valise.o(.text) for Choix_Capteur
    principal.o(.text) refers to adc_dma.o(.text) for Start_DMA1
    principal.o(.text) refers to reel.o(moncode) for m2
    principal.o(.text) refers to clock.o(.text) for CLOCK_Configure
    principal.o(.text) refers to gpio.o(.text) for GPIO_Configure
    principal.o(.text) refers to timer_systick.o(.text) for Systick_Period_ff
    principal.o(.text) refers to timer_1234.o(.text) for PWM_Init_ff
    principal.o(.text) refers to principal.o(.data) for timerLED
    principal.o(.text) refers to principal.o(.bss) for dma_buf
    principal.o(.text) refers to bruitverre.o(SecSon) for PeriodeSonMicroSec
    principal.o(.text) refers to tempo son.o(moncode) for son_callback
    principal.o(.text) refers to arghh.o(DonneeSon) for Son2
    tempo.o(moncode) refers to trigo.o(Trigo) for TabCos
    reel.o(moncode) refers to trigo.o(Trigo) for TabCos
    tempo son.o(moncode) refers to principal.o(.bss) for etat
    Affichage_Valise.o(.text) refers to timer_1234.o(.text) for Timer_1234_Init_ff
    Affichage_Valise.o(.text) refers to gpio.o(.text) for GPIO_Configure
    Affichage_Valise.o(.text) refers to Affichage_Valise.o(.data) for SPI_Soft_En_Cours
    Affichage_Valise.o(.text) refers to Affichage_Valise.o(.bss) for Trame
    startup-rvds.o(RESET) refers to startup-rvds.o(STACK) for __initial_sp
    startup-rvds.o(RESET) refers to startup-rvds.o(.text) for Reset_Handler
    startup-rvds.o(RESET) refers to timer_systick.o(.text) for SysTick_Handler
    startup-rvds.o(RESET) refers to timer_1234.o(.text) for TIM1_UP_IRQHandler
    startup-rvds.o(.text) refers to entry.o(.ARM.Collect$$$$00000000) for __main
    adc_dma.o(.text) refers to clock.o(.text) for CLOCK_GetADCCLK
    adc_dma.o(.text) refers to ffltui.o(.text) for __aeabi_ui2f
    adc_dma.o(.text) refers to fmul.o(.text) for __aeabi_fmul
    adc_dma.o(.text) refers to f2d.o(.text) for __aeabi_f2d
    adc_dma.o(.text) refers to dmul.o(.text) for __aeabi_dmul
    adc_dma.o(.text) refers to d2f.o(.text) for __aeabi_d2f
    adc_dma.o(.text) refers to cdcmple.o(.text) for __aeabi_cdcmple
    adc_dma.o(.text) refers to dadd.o(.text) for __aeabi_dadd
    adc_dma.o(.text) refers to ddiv.o(.text) for __aeabi_ddiv
    adc_dma.o(.text) refers to timer_1234.o(.text) for PWM_Init
    adc_dma.o(.text) refers to adc_dma.o(.data) for Ptr_ADC1
    timer_1234.o(.text) refers to clock.o(.text) for CLOCK_GetTIMCLK
    timer_1234.o(.text) refers to ffltui.o(.text) for __aeabi_ui2f
    timer_1234.o(.text) refers to fmul.o(.text) for __aeabi_fmul
    timer_1234.o(.text) refers to f2d.o(.text) for __aeabi_f2d
    timer_1234.o(.text) refers to ddiv.o(.text) for __aeabi_ddiv
    timer_1234.o(.text) refers to d2f.o(.text) for __aeabi_d2f
    timer_1234.o(.text) refers to ffixui.o(.text) for __aeabi_f2uiz
    timer_1234.o(.text) refers to fdiv.o(.text) for __aeabi_fdiv
    timer_1234.o(.text) refers to dfltui.o(.text) for __aeabi_ui2d
    timer_1234.o(.text) refers to dadd.o(.text) for __aeabi_dadd
    timer_1234.o(.text) refers to dmul.o(.text) for __aeabi_dmul
    timer_1234.o(.text) refers to timer_1234.o(.data) for Ptr_TIM1
    timer_1234.o(.text) refers to cdcmple.o(.text) for __aeabi_cdcmple
    timer_1234.o(.text) refers to cdrcmple.o(.text) for __aeabi_cdrcmple
    timer_1234.o(.text) refers to fflti.o(.text) for __aeabi_i2f
    timer_1234.o(.text) refers to ffixi.o(.text) for __aeabi_f2iz
    timer_systick.o(.text) refers to clock.o(.text) for CLOCK_GetHCLK
    timer_systick.o(.text) refers to ffltui.o(.text) for __aeabi_ui2f
    timer_systick.o(.text) refers to fmul.o(.text) for __aeabi_fmul
    timer_systick.o(.text) refers to f2d.o(.text) for __aeabi_f2d
    timer_systick.o(.text) refers to ddiv.o(.text) for __aeabi_ddiv
    timer_systick.o(.text) refers to d2f.o(.text) for __aeabi_d2f
    timer_systick.o(.text) refers to ffixui.o(.text) for __aeabi_f2uiz
    timer_systick.o(.text) refers to fdiv.o(.text) for __aeabi_fdiv
    timer_systick.o(.text) refers to dmul.o(.text) for __aeabi_dmul
    timer_systick.o(.text) refers to cdrcmple.o(.text) for __aeabi_cdrcmple
    timer_systick.o(.text) refers to timer_systick.o(.data) for Ptr_Systick
    entry.o(.ARM.Collect$$$$00000000) refers (Special) to entry10a.o(.ARM.Collect$$$$0000000D) for __rt_final_cpp
    entry.o(.ARM.Collect$$$$00000000) refers (Special) to entry11a.o(.ARM.Collect$$$$0000000F) for __rt_final_exit
    entry.o(.ARM.Collect$$$$00000000) refers (Special) to entry7b.o(.ARM.Collect$$$$00000008) for _main_clock
    entry.o(.ARM.Collect$$$$00000000) refers (Special) to entry8b.o(.ARM.Collect$$$$0000000A) for _main_cpp_init
    entry.o(.ARM.Collect$$$$00000000) refers (Special) to entry9a.o(.ARM.Collect$$$$0000000B) for _main_init
    entry.o(.ARM.Collect$$$$00000000) refers (Special) to entry5.o(.ARM.Collect$$$$00000004) for _main_scatterload
    entry.o(.ARM.Collect$$$$00000000) refers (Special) to entry2.o(.ARM.Collect$$$$00000001) for _main_stk
    rand.o(.text) refers to rand.o(.data) for .data
    fmul.o(.text) refers (Special) to iusefp.o(.text) for __I$use$fp
    fdiv.o(.text) refers (Special) to iusefp.o(.text) for __I$use$fp
    fdiv.o(.text) refers to fepilogue.o(.text) for _float_round
    dadd.o(.text) refers (Special) to iusefp.o(.text) for __I$use$fp
    dadd.o(.text) refers to llshl.o(.text) for __aeabi_llsl
    dadd.o(.text) refers to llsshr.o(.text) for __aeabi_lasr
    dadd.o(.text) refers to depilogue.o(.text) for _double_epilogue
    dmul.o(.text) refers (Special) to iusefp.o(.text) for __I$use$fp
    dmul.o(.text) refers to depilogue.o(.text) for _double_epilogue
    ddiv.o(.text) refers (Special) to iusefp.o(.text) for __I$use$fp
    ddiv.o(.text) refers to depilogue.o(.text) for _double_round
    fflti.o(.text) refers (Special) to iusefp.o(.text) for __I$use$fp
    fflti.o(.text) refers to fepilogue.o(.text) for _float_epilogue
    ffltui.o(.text) refers (Special) to iusefp.o(.text) for __I$use$fp
    ffltui.o(.text) refers to fepilogue.o(.text) for _float_epilogue
    dfltui.o(.text) refers (Special) to iusefp.o(.text) for __I$use$fp
    dfltui.o(.text) refers to depilogue.o(.text) for _double_epilogue
    ffixi.o(.text) refers (Special) to iusefp.o(.text) for __I$use$fp
    ffixui.o(.text) refers (Special) to iusefp.o(.text) for __I$use$fp
    f2d.o(.text) refers (Special) to iusefp.o(.text) for __I$use$fp
    cdcmple.o(.text) refers (Special) to iusefp.o(.text) for __I$use$fp
    cdrcmple.o(.text) refers (Special) to iusefp.o(.text) for __I$use$fp
    d2f.o(.text) refers (Special) to iusefp.o(.text) for __I$use$fp
    d2f.o(.text) refers to fepilogue.o(.text) for _float_round
    entry2.o(.ARM.Collect$$$$00000001) refers to entry2.o(.ARM.Collect$$$$00002712) for __lit__00000000
    entry2.o(.ARM.Collect$$$$00002712) refers to startup-rvds.o(STACK) for __initial_sp
    entry2.o(__vectab_stack_and_reset_area) refers to startup-rvds.o(STACK) for __initial_sp
    entry2.o(__vectab_stack_and_reset_area) refers to entry.o(.ARM.Collect$$$$00000000) for __main
    entry5.o(.ARM.Collect$$$$00000004) refers to init.o(.text) for __scatterload
    entry9a.o(.ARM.Collect$$$$0000000B) refers to principal.o(.text) for main
    entry9b.o(.ARM.Collect$$$$0000000C) refers to principal.o(.text) for main
    depilogue.o(.text) refers to llshl.o(.text) for __aeabi_llsl
    depilogue.o(.text) refers to llushr.o(.text) for __aeabi_llsr
    init.o(.text) refers to entry5.o(.ARM.Collect$$$$00000004) for __main_after_scatterload


==============================================================================

Removing Unused input sections from the image.

    Removing principal.o(.rev16_text), (4 bytes).
    Removing principal.o(.revsh_text), (4 bytes).
    Removing tempo.o(moncode), (32 bytes).
    Removing signal.o(Signal), (128 bytes).
    Removing t04f17p60.o(Signal), (128 bytes).
    Removing Affichage_Valise.o(.rev16_text), (4 bytes).
    Removing Affichage_Valise.o(.revsh_text), (4 bytes).
    Removing startup-rvds.o(HEAP), (512 bytes).

8 unused section(s) (total 816 bytes) removed from the image.

==============================================================================

Image Symbol Table

    Local Symbols

    Symbol Name                              Value     Ov Type        Size  Object(Section)

    ../clib/../cmprslib/lz77c.c              0x00000000   Number         0  __dclz77c.o ABSOLUTE
    ../clib/microlib/init/entry.s            0x00000000   Number         0  entry7a.o ABSOLUTE
    ../clib/microlib/init/entry.s            0x00000000   Number         0  entry7b.o ABSOLUTE
    ../clib/microlib/init/entry.s            0x00000000   Number         0  entry8a.o ABSOLUTE
    ../clib/microlib/init/entry.s            0x00000000   Number         0  entry8b.o ABSOLUTE
    ../clib/microlib/init/entry.s            0x00000000   Number         0  entry9b.o ABSOLUTE
    ../clib/microlib/init/entry.s            0x00000000   Number         0  entry10a.o ABSOLUTE
    ../clib/microlib/init/entry.s            0x00000000   Number         0  entry10b.o ABSOLUTE
    ../clib/microlib/init/entry.s            0x00000000   Number         0  entry11a.o ABSOLUTE
    ../clib/microlib/init/entry.s            0x00000000   Number         0  entry11b.o ABSOLUTE
    ../clib/microlib/init/entry.s            0x00000000   Number         0  entry9a.o ABSOLUTE
    ../clib/microlib/init/entry.s            0x00000000   Number         0  entry.o ABSOLUTE
    ../clib/microlib/init/entry.s            0x00000000   Number         0  entry5.o ABSOLUTE
    ../clib/microlib/init/entry.s            0x00000000   Number         0  entry2.o ABSOLUTE
    ../clib/microlib/longlong.c              0x00000000   Number         0  llsshr.o ABSOLUTE
    ../clib/microlib/longlong.c              0x00000000   Number         0  llshl.o ABSOLUTE
    ../clib/microlib/longlong.c              0x00000000   Number         0  llushr.o ABSOLUTE
    ../clib/microlib/stdlib/rand.c           0x00000000   Number         0  rand.o ABSOLUTE
    ../clib/microlib/stubs.s                 0x00000000   Number         0  iusefp.o ABSOLUTE
    ../fplib/microlib/d2f.c                  0x00000000   Number         0  d2f.o ABSOLUTE
    ../fplib/microlib/f2d.c                  0x00000000   Number         0  f2d.o ABSOLUTE
    ../fplib/microlib/fpadd.c                0x00000000   Number         0  dadd.o ABSOLUTE
    ../fplib/microlib/fpdiv.c                0x00000000   Number         0  ddiv.o ABSOLUTE
    ../fplib/microlib/fpdiv.c                0x00000000   Number         0  fdiv.o ABSOLUTE
    ../fplib/microlib/fpepilogue.c           0x00000000   Number         0  fepilogue.o ABSOLUTE
    ../fplib/microlib/fpepilogue.c           0x00000000   Number         0  depilogue.o ABSOLUTE
    ../fplib/microlib/fpfix.c                0x00000000   Number         0  ffixui.o ABSOLUTE
    ../fplib/microlib/fpfix.c                0x00000000   Number         0  ffixi.o ABSOLUTE
    ../fplib/microlib/fpflt.c                0x00000000   Number         0  dfltui.o ABSOLUTE
    ../fplib/microlib/fpflt.c                0x00000000   Number         0  fflti.o ABSOLUTE
    ../fplib/microlib/fpflt.c                0x00000000   Number         0  ffltui.o ABSOLUTE
    ../fplib/microlib/fpmul.c                0x00000000   Number         0  fmul.o ABSOLUTE
    ../fplib/microlib/fpmul.c                0x00000000   Number         0  dmul.o ABSOLUTE
    ..\..\Trigo.asm                          0x00000000   Number         0  trigo.o ABSOLUTE
    ..\arghh.asm                             0x00000000   Number         0  arghh.o ABSOLUTE
    ADC_DMA.c                                0x00000000   Number         0  adc_dma.o ABSOLUTE
    Affichage_Valise.c                       0x00000000   Number         0  Affichage_Valise.o ABSOLUTE
    Affichage_Valise.c                       0x00000000   Number         0  Affichage_Valise.o ABSOLUTE
    GPIO.c                                   0x00000000   Number         0  gpio.o ABSOLUTE
    Signal.asm                               0x00000000   Number         0  signal.o ABSOLUTE
    Sources\Tempo son.s                      0x00000000   Number         0  tempo son.o ABSOLUTE
    Sources\Tempo.s                          0x00000000   Number         0  tempo.o ABSOLUTE
    Sources\\principal.c                     0x00000000   Number         0  principal.o ABSOLUTE
    Sources\principal.c                      0x00000000   Number         0  principal.o ABSOLUTE
    Systeme\startup-rvds.s                   0x00000000   Number         0  startup-rvds.o ABSOLUTE
    Timer_1234.c                             0x00000000   Number         0  timer_1234.o ABSOLUTE
    Timer_Systick.c                          0x00000000   Number         0  timer_systick.o ABSOLUTE
    bruitverre.asm                           0x00000000   Number         0  bruitverre.o ABSOLUTE
    cdcmple.s                                0x00000000   Number         0  cdcmple.o ABSOLUTE
    cdrcmple.s                               0x00000000   Number         0  cdrcmple.o ABSOLUTE
    clock.c                                  0x00000000   Number         0  clock.o ABSOLUTE
    dc.s                                     0x00000000   Number         0  dc.o ABSOLUTE
    handlers.s                               0x00000000   Number         0  handlers.o ABSOLUTE
    init.s                                   0x00000000   Number         0  init.o ABSOLUTE
    reel.asm                                 0x00000000   Number         0  reel.o ABSOLUTE
    t04f17p60.asm                            0x00000000   Number         0  t04f17p60.o ABSOLUTE
    RESET                                    0x08000000   Section      236  startup-rvds.o(RESET)
    .ARM.Collect$$$$00000000                 0x080000ec   Section        0  entry.o(.ARM.Collect$$$$00000000)
    .ARM.Collect$$$$00000001                 0x080000ec   Section        4  entry2.o(.ARM.Collect$$$$00000001)
    .ARM.Collect$$$$00000004                 0x080000f0   Section        4  entry5.o(.ARM.Collect$$$$00000004)
    .ARM.Collect$$$$00000008                 0x080000f4   Section        0  entry7b.o(.ARM.Collect$$$$00000008)
    .ARM.Collect$$$$0000000A                 0x080000f4   Section        0  entry8b.o(.ARM.Collect$$$$0000000A)
    .ARM.Collect$$$$0000000B                 0x080000f4   Section        8  entry9a.o(.ARM.Collect$$$$0000000B)
    .ARM.Collect$$$$0000000D                 0x080000fc   Section        0  entry10a.o(.ARM.Collect$$$$0000000D)
    .ARM.Collect$$$$0000000F                 0x080000fc   Section        0  entry11a.o(.ARM.Collect$$$$0000000F)
    .ARM.Collect$$$$00002712                 0x080000fc   Section        4  entry2.o(.ARM.Collect$$$$00002712)
    __lit__00000000                          0x080000fc   Data           4  entry2.o(.ARM.Collect$$$$00002712)
    .text                                    0x08000100   Section        0  principal.o(.text)
    .text                                    0x08000418   Section        0  Affichage_Valise.o(.text)
    .text                                    0x08000790   Section       76  startup-rvds.o(.text)
    .text                                    0x080007dc   Section        0  adc_dma.o(.text)
    .text                                    0x08000e00   Section        0  clock.o(.text)
    CLOCK_HPRECompute                        0x08000e01   Thumb Code   120  clock.o(.text)
    .text                                    0x08000f50   Section        0  gpio.o(.text)
    .text                                    0x080010d0   Section        0  timer_1234.o(.text)
    .text                                    0x080023e4   Section        0  timer_systick.o(.text)
    .text                                    0x08002544   Section        0  rand.o(.text)
    .text                                    0x08002568   Section        0  fmul.o(.text)
    .text                                    0x080025d4   Section        0  fdiv.o(.text)
    .text                                    0x08002654   Section        0  dadd.o(.text)
    .text                                    0x080027a2   Section        0  dmul.o(.text)
    .text                                    0x08002886   Section        0  ddiv.o(.text)
    .text                                    0x08002964   Section        0  fflti.o(.text)
    .text                                    0x08002976   Section        0  ffltui.o(.text)
    .text                                    0x08002980   Section        0  dfltui.o(.text)
    .text                                    0x0800299a   Section        0  ffixi.o(.text)
    .text                                    0x080029cc   Section        0  ffixui.o(.text)
    .text                                    0x080029f4   Section        0  f2d.o(.text)
    .text                                    0x08002a1c   Section       40  cdcmple.o(.text)
    .text                                    0x08002a44   Section       40  cdrcmple.o(.text)
    .text                                    0x08002a6c   Section        0  d2f.o(.text)
    .text                                    0x08002aa4   Section        0  llshl.o(.text)
    .text                                    0x08002ac2   Section        0  llsshr.o(.text)
    .text                                    0x08002ae6   Section        0  iusefp.o(.text)
    .text                                    0x08002ae6   Section        0  fepilogue.o(.text)
    .text                                    0x08002b52   Section        0  depilogue.o(.text)
    .text                                    0x08002c10   Section       36  init.o(.text)
    .text                                    0x08002c34   Section        0  llushr.o(.text)
    .text                                    0x08002c54   Section        0  __dclz77c.o(.text)
    i.__scatterload_copy                     0x08002cb4   Section       14  handlers.o(i.__scatterload_copy)
    i.__scatterload_null                     0x08002cc2   Section        2  handlers.o(i.__scatterload_null)
    i.__scatterload_zeroinit                 0x08002cc4   Section       14  handlers.o(i.__scatterload_zeroinit)
    moncode                                  0x08002cd4   Section      104  reel.o(moncode)
    moncode                                  0x08002d3c   Section       72  tempo son.o(moncode)
    SecSon                                   0x08002da4   Section     9030  bruitverre.o(SecSon)
    Trigo                                    0x080050ec   Section      256  trigo.o(Trigo)
    .data                                    0x20000000   Section       48  principal.o(.data)
    .data                                    0x20000030   Section       12  Affichage_Valise.o(.data)
    .data                                    0x2000003c   Section       12  adc_dma.o(.data)
    Ptr_ADC1                                 0x2000003c   Data           4  adc_dma.o(.data)
    Ptr_ADC2                                 0x20000040   Data           4  adc_dma.o(.data)
    Ptr_DMA1                                 0x20000044   Data           4  adc_dma.o(.data)
    .data                                    0x20000048   Section      160  timer_1234.o(.data)
    Ptr_TIM1                                 0x20000048   Data           4  timer_1234.o(.data)
    Ptr_TIM2                                 0x2000004c   Data           4  timer_1234.o(.data)
    Ptr_TIM3                                 0x20000050   Data           4  timer_1234.o(.data)
    Ptr_TIM4                                 0x20000054   Data           4  timer_1234.o(.data)
    Ptr_TIM1_Voie1                           0x20000068   Data           4  timer_1234.o(.data)
    Ptr_TIM1_Voie2                           0x2000006c   Data           4  timer_1234.o(.data)
    Ptr_TIM1_Voie3                           0x20000070   Data           4  timer_1234.o(.data)
    Ptr_TIM1_Voie4                           0x20000074   Data           4  timer_1234.o(.data)
    Ptr_TIM2_Voie1                           0x20000078   Data           4  timer_1234.o(.data)
    Ptr_TIM2_Voie2                           0x2000007c   Data           4  timer_1234.o(.data)
    Ptr_TIM2_Voie3                           0x20000080   Data           4  timer_1234.o(.data)
    Ptr_TIM2_Voie4                           0x20000084   Data           4  timer_1234.o(.data)
    Ptr_TIM3_Voie1                           0x20000088   Data           4  timer_1234.o(.data)
    Ptr_TIM3_Voie2                           0x2000008c   Data           4  timer_1234.o(.data)
    Ptr_TIM3_Voie3                           0x20000090   Data           4  timer_1234.o(.data)
    Ptr_TIM3_Voie4                           0x20000094   Data           4  timer_1234.o(.data)
    Ptr_TIM4_Voie1                           0x20000098   Data           4  timer_1234.o(.data)
    Ptr_TIM4_Voie2                           0x2000009c   Data           4  timer_1234.o(.data)
    Ptr_TIM4_Voie3                           0x200000a0   Data           4  timer_1234.o(.data)
    Ptr_TIM4_Voie4                           0x200000a4   Data           4  timer_1234.o(.data)
    Duree_Pulse_T1                           0x200000a8   Data           8  timer_1234.o(.data)
    Duree_Pulse_T2                           0x200000b0   Data           8  timer_1234.o(.data)
    Duree_Pulse_T3                           0x200000b8   Data           8  timer_1234.o(.data)
    Duree_Pulse_T4                           0x200000c0   Data           8  timer_1234.o(.data)
    Date_T1                                  0x200000c8   Data           8  timer_1234.o(.data)
    Date_T2                                  0x200000d0   Data           8  timer_1234.o(.data)
    Date_T3                                  0x200000d8   Data           8  timer_1234.o(.data)
    Date_T4                                  0x200000e0   Data           8  timer_1234.o(.data)
    .data                                    0x200000e8   Section        4  timer_systick.o(.data)
    Ptr_Systick                              0x200000e8   Data           4  timer_systick.o(.data)
    .data                                    0x200000ec   Section        4  rand.o(.data)
    _rand_state                              0x200000ec   Data           4  rand.o(.data)
    DonneeSon                                0x200000f0   Section    10722  arghh.o(DonneeSon)
    .bss                                     0x20002ad4   Section      244  principal.o(.bss)
    .bss                                     0x20002bc8   Section       10  Affichage_Valise.o(.bss)
    STACK                                    0x20002bd8   Section     1024  startup-rvds.o(STACK)

    Global Symbols

    Symbol Name                              Value     Ov Type        Size  Object(Section)

    BuildAttributes$$THM_ISAv4$P$D$K$B$S$PE$A:L22UL41UL21$X:L11$S22US41US21$IEEE1$IW$USESV6$~STKCKD$USESV7$~SHL$OTIME$ROPI$EBA8$MICROLIB$REQ8$EABIv2 0x00000000   Number         0  anon$$obj.o ABSOLUTE
    __ARM_use_no_argv                        0x00000000   Number         0  principal.o ABSOLUTE
    __cpp_initialize__aeabi_                  - Undefined Weak Reference
    __cxa_finalize                            - Undefined Weak Reference
    _clock_init                               - Undefined Weak Reference
    _microlib_exit                            - Undefined Weak Reference
    __Vectors_Size                           0x000000ec   Number         0  startup-rvds.o ABSOLUTE
    __Vectors                                0x08000000   Data           4  startup-rvds.o(RESET)
    __Vectors_End                            0x080000ec   Data           0  startup-rvds.o(RESET)
    __main                                   0x080000ed   Thumb Code     0  entry.o(.ARM.Collect$$$$00000000)
    _main_stk                                0x080000ed   Thumb Code     0  entry2.o(.ARM.Collect$$$$00000001)
    _main_scatterload                        0x080000f1   Thumb Code     0  entry5.o(.ARM.Collect$$$$00000004)
    __main_after_scatterload                 0x080000f5   Thumb Code     0  entry5.o(.ARM.Collect$$$$00000004)
    _main_clock                              0x080000f5   Thumb Code     0  entry7b.o(.ARM.Collect$$$$00000008)
    _main_cpp_init                           0x080000f5   Thumb Code     0  entry8b.o(.ARM.Collect$$$$0000000A)
    _main_init                               0x080000f5   Thumb Code     0  entry9a.o(.ARM.Collect$$$$0000000B)
    __rt_final_cpp                           0x080000fd   Thumb Code     0  entry10a.o(.ARM.Collect$$$$0000000D)
    __rt_final_exit                          0x080000fd   Thumb Code     0  entry11a.o(.ARM.Collect$$$$0000000F)
    ChoixCible                               0x08000101   Thumb Code    58  principal.o(.text)
    sys_callback                             0x0800013b   Thumb Code   148  principal.o(.text)
    main                                     0x080001cf   Thumb Code   488  principal.o(.text)
    Mise_A_Jour_Afficheurs_LED               0x08000419   Thumb Code    56  Affichage_Valise.o(.text)
    Sortir_Trame                             0x08000451   Thumb Code   208  Affichage_Valise.o(.text)
    Decodage_7_Seg                           0x08000521   Thumb Code   100  Affichage_Valise.o(.text)
    Init_Affichage                           0x08000585   Thumb Code   226  Affichage_Valise.o(.text)
    Prepare_Afficheur                        0x08000667   Thumb Code    76  Affichage_Valise.o(.text)
    Prepare_Set_Point_Unite                  0x080006b3   Thumb Code    22  Affichage_Valise.o(.text)
    Prepare_Clear_Point_Unite                0x080006c9   Thumb Code    22  Affichage_Valise.o(.text)
    Prepare_Set_LED                          0x080006df   Thumb Code    16  Affichage_Valise.o(.text)
    Prepare_Clear_LED                        0x080006ef   Thumb Code    16  Affichage_Valise.o(.text)
    Choix_Capteur                            0x080006ff   Thumb Code    96  Affichage_Valise.o(.text)
    Reset_Handler                            0x08000791   Thumb Code    34  startup-rvds.o(.text)
    SystemInit                               0x080007b3   Thumb Code     2  startup-rvds.o(.text)
    NMI_Handler                              0x080007b5   Thumb Code     2  startup-rvds.o(.text)
    HardFault_Handler                        0x080007b7   Thumb Code     2  startup-rvds.o(.text)
    MemManage_Handler                        0x080007b9   Thumb Code     2  startup-rvds.o(.text)
    BusFault_Handler                         0x080007bb   Thumb Code     2  startup-rvds.o(.text)
    UsageFault_Handler                       0x080007bd   Thumb Code     2  startup-rvds.o(.text)
    SVC_Handler                              0x080007bf   Thumb Code     2  startup-rvds.o(.text)
    DebugMon_Handler                         0x080007c1   Thumb Code     2  startup-rvds.o(.text)
    PendSV_Handler                           0x080007c3   Thumb Code     2  startup-rvds.o(.text)
    ADC1_2_IRQHandler                        0x080007c7   Thumb Code     0  startup-rvds.o(.text)
    CAN1_RX1_IRQHandler                      0x080007c7   Thumb Code     0  startup-rvds.o(.text)
    CAN1_SCE_IRQHandler                      0x080007c7   Thumb Code     0  startup-rvds.o(.text)
    DMA1_Channel1_IRQHandler                 0x080007c7   Thumb Code     0  startup-rvds.o(.text)
    DMA1_Channel2_IRQHandler                 0x080007c7   Thumb Code     0  startup-rvds.o(.text)
    DMA1_Channel3_IRQHandler                 0x080007c7   Thumb Code     0  startup-rvds.o(.text)
    DMA1_Channel4_IRQHandler                 0x080007c7   Thumb Code     0  startup-rvds.o(.text)
    DMA1_Channel5_IRQHandler                 0x080007c7   Thumb Code     0  startup-rvds.o(.text)
    DMA1_Channel6_IRQHandler                 0x080007c7   Thumb Code     0  startup-rvds.o(.text)
    DMA1_Channel7_IRQHandler                 0x080007c7   Thumb Code     0  startup-rvds.o(.text)
    EXTI0_IRQHandler                         0x080007c7   Thumb Code     0  startup-rvds.o(.text)
    EXTI15_10_IRQHandler                     0x080007c7   Thumb Code     0  startup-rvds.o(.text)
    EXTI1_IRQHandler                         0x080007c7   Thumb Code     0  startup-rvds.o(.text)
    EXTI2_IRQHandler                         0x080007c7   Thumb Code     0  startup-rvds.o(.text)
    EXTI3_IRQHandler                         0x080007c7   Thumb Code     0  startup-rvds.o(.text)
    EXTI4_IRQHandler                         0x080007c7   Thumb Code     0  startup-rvds.o(.text)
    EXTI9_5_IRQHandler                       0x080007c7   Thumb Code     0  startup-rvds.o(.text)
    FLASH_IRQHandler                         0x080007c7   Thumb Code     0  startup-rvds.o(.text)
    I2C1_ER_IRQHandler                       0x080007c7   Thumb Code     0  startup-rvds.o(.text)
    I2C1_EV_IRQHandler                       0x080007c7   Thumb Code     0  startup-rvds.o(.text)
    I2C2_ER_IRQHandler                       0x080007c7   Thumb Code     0  startup-rvds.o(.text)
    I2C2_EV_IRQHandler                       0x080007c7   Thumb Code     0  startup-rvds.o(.text)
    PVD_IRQHandler                           0x080007c7   Thumb Code     0  startup-rvds.o(.text)
    RCC_IRQHandler                           0x080007c7   Thumb Code     0  startup-rvds.o(.text)
    RTCAlarm_IRQHandler                      0x080007c7   Thumb Code     0  startup-rvds.o(.text)
    RTC_IRQHandler                           0x080007c7   Thumb Code     0  startup-rvds.o(.text)
    SPI1_IRQHandler                          0x080007c7   Thumb Code     0  startup-rvds.o(.text)
    SPI2_IRQHandler                          0x080007c7   Thumb Code     0  startup-rvds.o(.text)
    TAMPER_IRQHandler                        0x080007c7   Thumb Code     0  startup-rvds.o(.text)
    TIM1_BRK_IRQHandler                      0x080007c7   Thumb Code     0  startup-rvds.o(.text)
    TIM1_TRG_COM_IRQHandler                  0x080007c7   Thumb Code     0  startup-rvds.o(.text)
    USART1_IRQHandler                        0x080007c7   Thumb Code     0  startup-rvds.o(.text)
    USART2_IRQHandler                        0x080007c7   Thumb Code     0  startup-rvds.o(.text)
    USART3_IRQHandler                        0x080007c7   Thumb Code     0  startup-rvds.o(.text)
    USBWakeUp_IRQHandler                     0x080007c7   Thumb Code     0  startup-rvds.o(.text)
    USB_HP_CAN1_TX_IRQHandler                0x080007c7   Thumb Code     0  startup-rvds.o(.text)
    USB_LP_CAN1_RX0_IRQHandler               0x080007c7   Thumb Code     0  startup-rvds.o(.text)
    WWDG_IRQHandler                          0x080007c7   Thumb Code     0  startup-rvds.o(.text)
    Init_TimingADC_ActiveADC                 0x080007dd   Thumb Code   438  adc_dma.o(.text)
    Init_TimingADC_ActiveADC_ff              0x08000993   Thumb Code   248  adc_dma.o(.text)
    Single_Channel_ADC                       0x08000a8b   Thumb Code    16  adc_dma.o(.text)
    Init_MultiChan_Regular                   0x08000a9b   Thumb Code   164  adc_dma.o(.text)
    Init_Conversion_On_Trig_Timer            0x08000b3f   Thumb Code   122  adc_dma.o(.text)
    Init_Conversion_On_Trig_Timer_ff         0x08000bb9   Thumb Code   216  adc_dma.o(.text)
    Init_IT_ADC_EOC                          0x08000c91   Thumb Code    48  adc_dma.o(.text)
    ADC_IRQHandler                           0x08000cc1   Thumb Code    64  adc_dma.o(.text)
    Init_IT_End_Of_DMA1                      0x08000d01   Thumb Code    34  adc_dma.o(.text)
    DMAChannel1_IRQHandler                   0x08000d23   Thumb Code    22  adc_dma.o(.text)
    Init_ADC1_DMA1                           0x08000d39   Thumb Code    76  adc_dma.o(.text)
    Start_DMA1                               0x08000d85   Thumb Code    26  adc_dma.o(.text)
    Wait_On_EOC_ADC                          0x08000d9f   Thumb Code    24  adc_dma.o(.text)
    Wait_On_End_Of_DMA1                      0x08000db7   Thumb Code    26  adc_dma.o(.text)
    CLOCK_Configure                          0x08000e79   Thumb Code   144  clock.o(.text)
    CLOCK_GetTIMCLK                          0x08000f09   Thumb Code    22  clock.o(.text)
    CLOCK_GetHCLK                            0x08000f1f   Thumb Code     4  clock.o(.text)
    CLOCK_GetPCLK1                           0x08000f23   Thumb Code     4  clock.o(.text)
    CLOCK_GetPCLK2                           0x08000f27   Thumb Code     4  clock.o(.text)
    CLOCK_GetADCCLK                          0x08000f2b   Thumb Code     4  clock.o(.text)
    GPIO_Configure                           0x08000f51   Thumb Code   358  gpio.o(.text)
    Timer_1234_Init                          0x080010d1   Thumb Code   322  timer_1234.o(.text)
    Timer_1234_Init_ff                       0x08001213   Thumb Code   126  timer_1234.o(.text)
    Active_IT_Debordement_Timer              0x08001291   Thumb Code   226  timer_1234.o(.text)
    Active_IT_Compare_Timer                  0x08001373   Thumb Code   720  timer_1234.o(.text)
    PWM_Init_ff                              0x08001643   Thumb Code   190  timer_1234.o(.text)
    PWM_Init                                 0x08001701   Thumb Code   280  timer_1234.o(.text)
    PWM_Complementaire_Timer1                0x08001819   Thumb Code    60  timer_1234.o(.text)
    Timer_Inc_Init                           0x08001855   Thumb Code   180  timer_1234.o(.text)
    Capture_Init                             0x08001909   Thumb Code   692  timer_1234.o(.text)
    TIM1_CC_IRQHandler                       0x08001bbd   Thumb Code   410  timer_1234.o(.text)
    TIM1_UP_IRQHandler                       0x08001d57   Thumb Code    26  timer_1234.o(.text)
    TIM2_IRQHandler                          0x08001d71   Thumb Code   548  timer_1234.o(.text)
    TIM3_IRQHandler                          0x08001f95   Thumb Code   432  timer_1234.o(.text)
    TIM4_IRQHandler                          0x08002145   Thumb Code   552  timer_1234.o(.text)
    Lire_Duree_Pulse                         0x0800236d   Thumb Code    70  timer_1234.o(.text)
    Systick_Prio_IT                          0x080023e5   Thumb Code    14  timer_systick.o(.text)
    Systick_Period                           0x080023f3   Thumb Code   262  timer_systick.o(.text)
    Systick_Period_ff                        0x080024f9   Thumb Code    44  timer_systick.o(.text)
    SysTick_Handler                          0x08002525   Thumb Code    10  timer_systick.o(.text)
    rand                                     0x08002545   Thumb Code    20  rand.o(.text)
    srand                                    0x08002559   Thumb Code     6  rand.o(.text)
    __aeabi_fmul                             0x08002569   Thumb Code   108  fmul.o(.text)
    __aeabi_fdiv                             0x080025d5   Thumb Code   128  fdiv.o(.text)
    __aeabi_dadd                             0x08002655   Thumb Code   322  dadd.o(.text)
    __aeabi_dsub                             0x08002797   Thumb Code     6  dadd.o(.text)
    __aeabi_drsub                            0x0800279d   Thumb Code     6  dadd.o(.text)
    __aeabi_dmul                             0x080027a3   Thumb Code   228  dmul.o(.text)
    __aeabi_ddiv                             0x08002887   Thumb Code   222  ddiv.o(.text)
    __aeabi_i2f                              0x08002965   Thumb Code    18  fflti.o(.text)
    __aeabi_ui2f                             0x08002977   Thumb Code    10  ffltui.o(.text)
    __aeabi_ui2d                             0x08002981   Thumb Code    26  dfltui.o(.text)
    __aeabi_f2iz                             0x0800299b   Thumb Code    50  ffixi.o(.text)
    __aeabi_f2uiz                            0x080029cd   Thumb Code    40  ffixui.o(.text)
    __aeabi_f2d                              0x080029f5   Thumb Code    38  f2d.o(.text)
    __aeabi_cdcmpeq                          0x08002a1d   Thumb Code     0  cdcmple.o(.text)
    __aeabi_cdcmple                          0x08002a1d   Thumb Code    38  cdcmple.o(.text)
    __aeabi_cdrcmple                         0x08002a45   Thumb Code    38  cdrcmple.o(.text)
    __aeabi_d2f                              0x08002a6d   Thumb Code    56  d2f.o(.text)
    __aeabi_llsl                             0x08002aa5   Thumb Code    30  llshl.o(.text)
    _ll_shift_l                              0x08002aa5   Thumb Code     0  llshl.o(.text)
    __aeabi_lasr                             0x08002ac3   Thumb Code    36  llsshr.o(.text)
    _ll_sshift_r                             0x08002ac3   Thumb Code     0  llsshr.o(.text)
    __I$use$fp                               0x08002ae7   Thumb Code     0  iusefp.o(.text)
    _float_round                             0x08002ae7   Thumb Code    18  fepilogue.o(.text)
    _float_epilogue                          0x08002af9   Thumb Code    90  fepilogue.o(.text)
    _double_round                            0x08002b53   Thumb Code    26  depilogue.o(.text)
    _double_epilogue                         0x08002b6d   Thumb Code   164  depilogue.o(.text)
    __scatterload                            0x08002c11   Thumb Code    28  init.o(.text)
    __scatterload_rt2                        0x08002c11   Thumb Code     0  init.o(.text)
    __aeabi_llsr                             0x08002c35   Thumb Code    32  llushr.o(.text)
    _ll_ushift_r                             0x08002c35   Thumb Code     0  llushr.o(.text)
    __decompress                             0x08002c55   Thumb Code     0  __dclz77c.o(.text)
    __decompress2                            0x08002c55   Thumb Code    96  __dclz77c.o(.text)
    __scatterload_copy                       0x08002cb5   Thumb Code    14  handlers.o(i.__scatterload_copy)
    __scatterload_null                       0x08002cc3   Thumb Code     2  handlers.o(i.__scatterload_null)
    __scatterload_zeroinit                   0x08002cc5   Thumb Code    14  handlers.o(i.__scatterload_zeroinit)
    part                                     0x08002cd5   Thumb Code    58  reel.o(moncode)
    m2                                       0x08002d0f   Thumb Code    36  reel.o(moncode)
    son_callback                             0x08002d3d   Thumb Code    62  tempo son.o(moncode)
    Region$$Table$$Base                      0x08002d84   Number         0  anon$$obj.o(Region$$Table)
    LongueurSon                              0x08002da4   Data           4  bruitverre.o(SecSon)
    Region$$Table$$Limit                     0x08002da4   Number         0  anon$$obj.o(Region$$Table)
    PeriodeSonMicroSec                       0x08002da8   Data           4  bruitverre.o(SecSon)
    Son                                      0x08002dac   Data           0  bruitverre.o(SecSon)
    TabCos                                   0x080050ec   Data           0  trigo.o(Trigo)
    TabSin                                   0x0800516c   Data           0  trigo.o(Trigo)
    k                                        0x20000000   Data          24  principal.o(.data)
    premier_tir                              0x20000018   Data           4  principal.o(.data)
    M2TIR                                    0x2000001c   Data           4  principal.o(.data)
    timerLED                                 0x20000020   Data           4  principal.o(.data)
    finTimerLED                              0x20000024   Data           4  principal.o(.data)
    offset                                   0x20000028   Data           4  principal.o(.data)
    SYSTICK_PER                              0x2000002c   Data           4  principal.o(.data)
    Duree                                    0x20000030   Data           4  Affichage_Valise.o(.data)
    Cpt_Bit                                  0x20000034   Data           1  Affichage_Valise.o(.data)
    Front_Ck_Doit_Monter                     0x20000035   Data           1  Affichage_Valise.o(.data)
    SPI_Soft_En_Cours                        0x20000036   Data           1  Affichage_Valise.o(.data)
    Pos_Bit                                  0x20000037   Data           1  Affichage_Valise.o(.data)
    Pos_Octet                                0x20000038   Data           1  Affichage_Valise.o(.data)
    Octet                                    0x20000039   Data           1  Affichage_Valise.o(.data)
    Bit                                      0x2000003a   Data           1  Affichage_Valise.o(.data)
    Masque_Octet                             0x2000003b   Data           1  Affichage_Valise.o(.data)
    Enable_Fct_IT_Compare_Match_TIM1_Voie1   0x20000058   Data           1  timer_1234.o(.data)
    Enable_Fct_IT_Compare_Match_TIM1_Voie2   0x20000059   Data           1  timer_1234.o(.data)
    Enable_Fct_IT_Compare_Match_TIM1_Voie3   0x2000005a   Data           1  timer_1234.o(.data)
    Enable_Fct_IT_Compare_Match_TIM1_Voie4   0x2000005b   Data           1  timer_1234.o(.data)
    Enable_Fct_IT_Compare_Match_TIM2_Voie1   0x2000005c   Data           1  timer_1234.o(.data)
    Enable_Fct_IT_Compare_Match_TIM2_Voie2   0x2000005d   Data           1  timer_1234.o(.data)
    Enable_Fct_IT_Compare_Match_TIM2_Voie3   0x2000005e   Data           1  timer_1234.o(.data)
    Enable_Fct_IT_Compare_Match_TIM2_Voie4   0x2000005f   Data           1  timer_1234.o(.data)
    Enable_Fct_IT_Compare_Match_TIM3_Voie1   0x20000060   Data           1  timer_1234.o(.data)
    Enable_Fct_IT_Compare_Match_TIM3_Voie2   0x20000061   Data           1  timer_1234.o(.data)
    Enable_Fct_IT_Compare_Match_TIM3_Voie3   0x20000062   Data           1  timer_1234.o(.data)
    Enable_Fct_IT_Compare_Match_TIM3_Voie4   0x20000063   Data           1  timer_1234.o(.data)
    Enable_Fct_IT_Compare_Match_TIM4_Voie1   0x20000064   Data           1  timer_1234.o(.data)
    Enable_Fct_IT_Compare_Match_TIM4_Voie2   0x20000065   Data           1  timer_1234.o(.data)
    Enable_Fct_IT_Compare_Match_TIM4_Voie3   0x20000066   Data           1  timer_1234.o(.data)
    Enable_Fct_IT_Compare_Match_TIM4_Voie4   0x20000067   Data           1  timer_1234.o(.data)
    LongueurSon2                             0x200000f0   Data           4  arghh.o(DonneeSon)
    PeriodeSonMicroSec2                      0x200000f4   Data           4  arghh.o(DonneeSon)
    Son2                                     0x200000f8   Data           0  arghh.o(DonneeSon)
    occurence                                0x20002ad4   Data          24  principal.o(.bss)
    compteur_tir                             0x20002aec   Data          24  principal.o(.bss)
    bool_tir                                 0x20002b04   Data          24  principal.o(.bss)
    dma_buf                                  0x20002b1c   Data         128  principal.o(.bss)
    tab_M2                                   0x20002b9c   Data          24  principal.o(.bss)
    etat                                     0x20002bb4   Data          20  principal.o(.bss)
    Trame                                    0x20002bc8   Data          10  Affichage_Valise.o(.bss)
    __initial_sp                             0x20002fd8   Data           0  startup-rvds.o(STACK)



==============================================================================

Memory Map of the image

  Image Entry point : 0x08000791

  Load Region LR_1 (Base: 0x08000000, Size: 0x00007cc0, Max: 0xffffffff, ABSOLUTE, COMPRESSED[0x00007ab8])

    Execution Region ER_RO (Base: 0x08000000, Size: 0x000051ec, Max: 0xffffffff, ABSOLUTE)

    Base Addr    Size         Type   Attr      Idx    E Section Name        Object

    0x08000000   0x000000ec   Data   RO          129    RESET               startup-rvds.o
    0x080000ec   0x00000000   Code   RO          147  * .ARM.Collect$$$$00000000  mc_w.l(entry.o)
    0x080000ec   0x00000004   Code   RO          181    .ARM.Collect$$$$00000001  mc_w.l(entry2.o)
    0x080000f0   0x00000004   Code   RO          184    .ARM.Collect$$$$00000004  mc_w.l(entry5.o)
    0x080000f4   0x00000000   Code   RO          186    .ARM.Collect$$$$00000008  mc_w.l(entry7b.o)
    0x080000f4   0x00000000   Code   RO          188    .ARM.Collect$$$$0000000A  mc_w.l(entry8b.o)
    0x080000f4   0x00000008   Code   RO          189    .ARM.Collect$$$$0000000B  mc_w.l(entry9a.o)
    0x080000fc   0x00000000   Code   RO          191    .ARM.Collect$$$$0000000D  mc_w.l(entry10a.o)
    0x080000fc   0x00000000   Code   RO          193    .ARM.Collect$$$$0000000F  mc_w.l(entry11a.o)
    0x080000fc   0x00000004   Code   RO          182    .ARM.Collect$$$$00002712  mc_w.l(entry2.o)
    0x08000100   0x00000318   Code   RO            3    .text               principal.o
    0x08000418   0x00000378   Code   RO           79    .text               Affichage_Valise.o
    0x08000790   0x0000004c   Code   RO          130  * .text               startup-rvds.o
    0x080007dc   0x00000624   Code   RO          134    .text               gassp72.lib(adc_dma.o)
    0x08000e00   0x00000150   Code   RO          137    .text               gassp72.lib(clock.o)
    0x08000f50   0x00000180   Code   RO          139    .text               gassp72.lib(gpio.o)
    0x080010d0   0x00001314   Code   RO          141    .text               gassp72.lib(timer_1234.o)
    0x080023e4   0x00000160   Code   RO          144    .text               gassp72.lib(timer_systick.o)
    0x08002544   0x00000024   Code   RO          150    .text               mc_w.l(rand.o)
    0x08002568   0x0000006c   Code   RO          153    .text               mf_w.l(fmul.o)
    0x080025d4   0x00000080   Code   RO          155    .text               mf_w.l(fdiv.o)
    0x08002654   0x0000014e   Code   RO          157    .text               mf_w.l(dadd.o)
    0x080027a2   0x000000e4   Code   RO          159    .text               mf_w.l(dmul.o)
    0x08002886   0x000000de   Code   RO          161    .text               mf_w.l(ddiv.o)
    0x08002964   0x00000012   Code   RO          163    .text               mf_w.l(fflti.o)
    0x08002976   0x0000000a   Code   RO          165    .text               mf_w.l(ffltui.o)
    0x08002980   0x0000001a   Code   RO          167    .text               mf_w.l(dfltui.o)
    0x0800299a   0x00000032   Code   RO          169    .text               mf_w.l(ffixi.o)
    0x080029cc   0x00000028   Code   RO          171    .text               mf_w.l(ffixui.o)
    0x080029f4   0x00000026   Code   RO          173    .text               mf_w.l(f2d.o)
    0x08002a1a   0x00000002   PAD
    0x08002a1c   0x00000028   Code   RO          175    .text               mf_w.l(cdcmple.o)
    0x08002a44   0x00000028   Code   RO          177    .text               mf_w.l(cdrcmple.o)
    0x08002a6c   0x00000038   Code   RO          179    .text               mf_w.l(d2f.o)
    0x08002aa4   0x0000001e   Code   RO          195    .text               mc_w.l(llshl.o)
    0x08002ac2   0x00000024   Code   RO          197    .text               mc_w.l(llsshr.o)
    0x08002ae6   0x00000000   Code   RO          199    .text               mc_w.l(iusefp.o)
    0x08002ae6   0x0000006c   Code   RO          200    .text               mf_w.l(fepilogue.o)
    0x08002b52   0x000000be   Code   RO          202    .text               mf_w.l(depilogue.o)
    0x08002c10   0x00000024   Code   RO          204    .text               mc_w.l(init.o)
    0x08002c34   0x00000020   Code   RO          206    .text               mc_w.l(llushr.o)
    0x08002c54   0x00000060   Code   RO          216    .text               mc_w.l(__dclz77c.o)
    0x08002cb4   0x0000000e   Code   RO          210    i.__scatterload_copy  mc_w.l(handlers.o)
    0x08002cc2   0x00000002   Code   RO          211    i.__scatterload_null  mc_w.l(handlers.o)
    0x08002cc4   0x0000000e   Code   RO          212    i.__scatterload_zeroinit  mc_w.l(handlers.o)
    0x08002cd2   0x00000002   PAD
    0x08002cd4   0x00000068   Code   RO           66    moncode             reel.o
    0x08002d3c   0x00000048   Code   RO           71    moncode             tempo son.o
    0x08002d84   0x00000020   Data   RO          208    Region$$Table       anon$$obj.o
    0x08002da4   0x00002346   Data   RO           75    SecSon              bruitverre.o
    0x080050ea   0x00000002   PAD
    0x080050ec   0x00000100   Data   RO           64    Trigo               trigo.o


    Execution Region ER_RW (Base: 0x20000000, Size: 0x00002ad4, Max: 0xffffffff, ABSOLUTE, COMPRESSED[0x000028cc])

    Base Addr    Size         Type   Attr      Idx    E Section Name        Object

    0x20000000   0x00000030   Data   RW            5    .data               principal.o
    0x20000030   0x0000000c   Data   RW           81    .data               Affichage_Valise.o
    0x2000003c   0x0000000c   Data   RW          135    .data               gassp72.lib(adc_dma.o)
    0x20000048   0x000000a0   Data   RW          142    .data               gassp72.lib(timer_1234.o)
    0x200000e8   0x00000004   Data   RW          145    .data               gassp72.lib(timer_systick.o)
    0x200000ec   0x00000004   Data   RW          151    .data               mc_w.l(rand.o)
    0x200000f0   0x000029e2   Data   RW           76    DonneeSon           arghh.o


    Execution Region ER_ZI (Base: 0x20002ad4, Size: 0x00000504, Max: 0xffffffff, ABSOLUTE)

    Base Addr    Size         Type   Attr      Idx    E Section Name        Object

    0x20002ad4   0x000000f4   Zero   RW            4    .bss                principal.o
    0x20002bc8   0x0000000a   Zero   RW           80    .bss                Affichage_Valise.o
    0x20002bd2   0x00000006   PAD
    0x20002bd8   0x00000400   Zero   RW          127    STACK               startup-rvds.o


==============================================================================

Image component sizes


      Code (inc. data)   RO Data    RW Data    ZI Data      Debug   Object Name

       888         56          0         12         10       3118   Affichage_Valise.o
         0          0          0      10722          0          0   arghh.o
         0          0       9030          0          0          0   bruitverre.o
       792         98          0         48        244       4296   principal.o
       104         10          0          0          0        312   reel.o
        76         20        236          0       1024        764   startup-rvds.o
        72         10          0          0          0        296   tempo son.o
         0          0        256          0          0          0   trigo.o

    ----------------------------------------------------------------------
      1932        194       9556      10784       1284       8786   Object Totals
         0          0         32          0          0          0   (incl. Generated)
         0          0          2          2          6          0   (incl. Padding)

    ----------------------------------------------------------------------

      Code (inc. data)   RO Data    RW Data    ZI Data      Debug   Library Member Name

      1572        140          0         12          0        512   adc_dma.o
       336         34          0          0          0        276   clock.o
       384         26          0          0          0         84   gpio.o
      4884        490          0        160          0        484   timer_1234.o
       352         22          0          4          0        200   timer_systick.o
        96          0          0          0          0          0   __dclz77c.o
         0          0          0          0          0          0   entry.o
         0          0          0          0          0          0   entry10a.o
         0          0          0          0          0          0   entry11a.o
         8          4          0          0          0          0   entry2.o
         4          0          0          0          0          0   entry5.o
         0          0          0          0          0          0   entry7b.o
         0          0          0          0          0          0   entry8b.o
         8          4          0          0          0          0   entry9a.o
        30          0          0          0          0          0   handlers.o
        36          8          0          0          0         68   init.o
         0          0          0          0          0          0   iusefp.o
        30          0          0          0          0         68   llshl.o
        36          0          0          0          0         68   llsshr.o
        32          0          0          0          0         68   llushr.o
        36         10          0          4          0        136   rand.o
        40          2          0          0          0         68   cdcmple.o
        40          2          0          0          0         68   cdrcmple.o
        56          0          0          0          0         88   d2f.o
       334          0          0          0          0        144   dadd.o
       222          0          0          0          0        100   ddiv.o
       190          0          0          0          0        176   depilogue.o
        26          0          0          0          0         76   dfltui.o
       228          0          0          0          0         92   dmul.o
        38          0          0          0          0         68   f2d.o
       128          0          0          0          0         88   fdiv.o
       108          0          0          0          0        168   fepilogue.o
        50          0          0          0          0         68   ffixi.o
        40          0          0          0          0         68   ffixui.o
        18          0          0          0          0         68   fflti.o
        10          0          0          0          0         68   ffltui.o
       108          0          0          0          0         76   fmul.o

    ----------------------------------------------------------------------
      9484        742          0        180          0       3448   Library Totals
         4          0          0          0          0          0   (incl. Padding)

    ----------------------------------------------------------------------

      Code (inc. data)   RO Data    RW Data    ZI Data      Debug   Library Name

      7528        712          0        176          0       1556   gassp72.lib
       316         26          0          4          0        408   mc_w.l
      1636          4          0          0          0       1484   mf_w.l

    ----------------------------------------------------------------------
      9484        742          0        180          0       3448   Library Totals

    ----------------------------------------------------------------------

==============================================================================


      Code (inc. data)   RO Data    RW Data    ZI Data      Debug   

     11416        936       9556      10964       1284      10518   Grand Totals
     11416        936       9556      10444       1284      10518   ELF Image Totals (compressed)
     11416        936       9556      10444          0          0   ROM Totals

==============================================================================

    Total RO  Size (Code + RO Data)                20972 (  20.48kB)
    Total RW  Size (RW Data + ZI Data)             12248 (  11.96kB)
    Total ROM Size (Code + RO Data + RW Data)      31416 (  30.68kB)

==============================================================================

